// Jest Snapshot v1, https://goo.gl/fbAQLP

exports[`Choice component tests Render is ok 1`] = `
<div>
  <button
    onClick={[Function]}
  >
    Option 
    1
  </button>
  test description
</div>
`;
